[0m07:28:55.519356 [debug] [MainThread]: Sending event: {'category': 'dbt', 'action': 'invocation', 'label': 'start', 'context': [<snowplow_tracker.self_describing_json.SelfDescribingJson object at 0x7f837829e780>, <snowplow_tracker.self_describing_json.SelfDescribingJson object at 0x7f837832cfe0>, <snowplow_tracker.self_describing_json.SelfDescribingJson object at 0x7f837829ea20>]}


============================== 07:28:55.523409 | 056e60ef-a506-4088-96e6-d517c713b5d7 ==============================
[0m07:28:55.523409 [info ] [MainThread]: Running with dbt=1.11.8
[0m07:28:55.524112 [debug] [MainThread]: running dbt with arguments {'printer_width': '80', 'use_colors': 'True', 'profiles_dir': '/home/ubuntu/.dbt', 'warn_error_options': 'WarnErrorOptionsV2(error=[], warn=[], silence=[])', 'invocation_command': 'dbt init phase3_rag_pipeline', 'quiet': 'False', 'target_path': 'None', 'indirect_selection': 'eager', 'version_check': 'True', 'debug': 'False', 'log_cache_events': 'False', 'partial_parse': 'True', 'empty': 'None', 'warn_error': 'None', 'log_format': 'default', 'log_path': 'logs', 'send_anonymous_usage_stats': 'True', 'use_experimental_parser': 'False', 'write_json': 'True', 'introspect': 'True', 'fail_fast': 'False', 'cache_selected_only': 'False', 'static_parser': 'True', 'no_print': 'None'}
[0m07:28:55.535834 [debug] [MainThread]: Starter project path: /home/ubuntu/rag_project/venv/lib/python3.12/site-packages/dbt/include/starter_project
[0m07:28:55.538801 [info ] [MainThread]: 
Your new dbt project "phase3_rag_pipeline" was created!

For more information on how to configure the profiles.yml file,
please consult the dbt documentation here:

  https://docs.getdbt.com/docs/configure-your-profile

One more thing:

Need help? Don't hesitate to reach out to us via GitHub issues or on Slack:

  https://community.getdbt.com/

Happy modeling!

[0m07:28:55.539329 [info ] [MainThread]: Setting up your profile.
[0m07:28:59.862844 [debug] [MainThread]: Snowflake adapter: Setting snowflake.connector to ERROR (file logging only)
[0m07:28:59.863563 [debug] [MainThread]: Snowflake adapter: Setting botocore to ERROR (file logging only)
[0m07:28:59.864057 [debug] [MainThread]: Snowflake adapter: Setting boto3 to ERROR (file logging only)
[0m07:30:32.293081 [info ] [MainThread]: Profile phase3_rag_pipeline written to /home/ubuntu/.dbt/profiles.yml using target's profile_template.yml and your supplied values. Run 'dbt debug' to validate the connection.
[0m07:30:32.294536 [debug] [MainThread]: Resource report: {"command_name": "init", "command_success": true, "command_wall_clock_time": 96.86523, "process_in_blocks": "16", "process_kernel_time": 0.20096, "process_mem_max_rss": "129088", "process_out_blocks": "80", "process_user_time": 2.353698}
[0m07:30:32.295512 [debug] [MainThread]: Command `dbt init` succeeded at 07:30:32.295352 after 96.87 seconds
[0m07:30:32.296014 [debug] [MainThread]: Sending event: {'category': 'dbt', 'action': 'invocation', 'label': 'end', 'context': [<snowplow_tracker.self_describing_json.SelfDescribingJson object at 0x7f837989cfe0>, <snowplow_tracker.self_describing_json.SelfDescribingJson object at 0x7f8375822780>, <snowplow_tracker.self_describing_json.SelfDescribingJson object at 0x7f8375f49a60>]}
[0m07:30:32.296594 [debug] [MainThread]: Flushing usage events
[0m07:30:33.175543 [debug] [MainThread]: An error was encountered while trying to flush usage events
